c:\users\hp\source\repos\hitlar\hitlar\x64\debug\vc145.pdb
c:\users\hp\source\repos\hitlar\hitlar\x64\debug\vc145.idb
c:\users\hp\source\repos\hitlar\hitlar\x64\debug\glad.obj
c:\users\hp\source\repos\hitlar\hitlar\x64\debug\fireflies.obj
c:\users\hp\source\repos\hitlar\hitlar\x64\debug\stars.obj
c:\users\hp\source\repos\hitlar\hitlar\x64\debug\moon.obj
c:\users\hp\source\repos\hitlar\hitlar\x64\debug\boatman.obj
c:\users\hp\source\repos\hitlar\hitlar\x64\debug\boat.obj
c:\users\hp\source\repos\hitlar\hitlar\x64\debug\charpai.obj
c:\users\hp\source\repos\hitlar\hitlar\x64\debug\person.obj
c:\users\hp\source\repos\hitlar\hitlar\x64\debug\duck.obj
c:\users\hp\source\repos\hitlar\hitlar\x64\debug\hen.obj
c:\users\hp\source\repos\hitlar\hitlar\x64\debug\tree.obj
c:\users\hp\source\repos\hitlar\hitlar\x64\debug\house.obj
c:\users\hp\source\repos\hitlar\hitlar\x64\debug\river.obj
c:\users\hp\source\repos\hitlar\hitlar\x64\debug\terrain.obj
c:\users\hp\source\repos\hitlar\hitlar\x64\debug\primitives.obj
c:\users\hp\source\repos\hitlar\hitlar\x64\debug\camera.obj
c:\users\hp\source\repos\hitlar\hitlar\x64\debug\shader.obj
c:\users\hp\source\repos\hitlar\hitlar\x64\debug\main.obj
c:\users\hp\source\repos\hitlar\hitlar\x64\debug\mosque.obj
c:\users\hp\source\repos\hitlar\hitlar\x64\debug\curvedobject.obj
c:\users\hp\source\repos\hitlar\hitlar\x64\debug\texture.obj
c:\users\hp\source\repos\hitlar\hitlar\x64\debug\fisherman.obj
c:\users\hp\source\repos\hitlar\x64\debug\hitlar.exe
c:\users\hp\source\repos\hitlar\x64\debug\hitlar.pdb
c:\users\hp\source\repos\hitlar\hitlar\x64\debug\hitlar.ilk
c:\users\hp\source\repos\hitlar\hitlar\x64\debug\hitlar.tlog\cl.command.1.tlog
c:\users\hp\source\repos\hitlar\hitlar\x64\debug\hitlar.tlog\cl.items.tlog
c:\users\hp\source\repos\hitlar\hitlar\x64\debug\hitlar.tlog\cl.read.1.tlog
c:\users\hp\source\repos\hitlar\hitlar\x64\debug\hitlar.tlog\cl.write.1.tlog
c:\users\hp\source\repos\hitlar\hitlar\x64\debug\hitlar.tlog\link.command.1.tlog
c:\users\hp\source\repos\hitlar\hitlar\x64\debug\hitlar.tlog\link.read.1.tlog
c:\users\hp\source\repos\hitlar\hitlar\x64\debug\hitlar.tlog\link.secondary.1.tlog
c:\users\hp\source\repos\hitlar\hitlar\x64\debug\hitlar.tlog\link.write.1.tlog
